// Jest Snapshot v1, https://goo.gl/fbAQLP

exports[`App in development mode 1`] = `
<AppContainer>
  <div />
</AppContainer>
`;

exports[`App in production mode 1`] = `<div />`;
