// Jest Snapshot v1, https://goo.gl/fbAQLP

exports[`createStore default state 1`] = `
Object {
  "helmet": Object {
    "link": Array [],
    "title": "Koa React Isomorphic",
  },
  "routing": Object {
    "locationBeforeTransitions": null,
  },
}
`;
