// Jest Snapshot v1, https://goo.gl/fbAQLP

exports[`Component: StaticPage should render component 1`] = `
<div
  className="container"
>
  <div
    className="row"
  >
    <div
      className="col-md-12"
    >
      <h1>
        Static Page
      </h1>
      <Connect(BaseLink)
        to="/"
      >
        Back to Home page
      </Connect(BaseLink)>
    </div>
  </div>
</div>
`;
