// Jest Snapshot v1, https://goo.gl/fbAQLP

exports[`createStore default state 1`] = `
Immutable.Map {
  routing: Immutable.Map {
    object: Object {
      "locationBeforeTransitions": null,
    },
  },
  helmet: Object {
    "link": Array [],
    "title": "Koa React Isomorphic",
  },
}
`;
